<testsuite tests="86">
  <testcase classname="ChangePasswordControllerTest" name="testChangePasswordController" time="14" />
  <testcase classname="CommunitiesLandingControllerTest" name="testCommunitiesLandingController" time="42" />
  <testcase classname="CommunitiesLoginControllerTest" name="testCommunitiesLoginController" time="26" />
  <testcase classname="CommunitiesSelfRegConfirmControllerTest" name="testCommunitiesSelfRegConfirmController" time="16" />
  <testcase classname="CommunitiesSelfRegControllerTest" name="testCommunitiesSelfRegController" time="19" />
  <testcase classname="ForgotPasswordControllerTest" name="testForgotPasswordController" time="20" />
  <testcase classname="MicrobatchSelfRegControllerTest" name="testMicrobatchSelfRegController" time="31" />
  <testcase classname="MyProfilePageControllerTest" name="testSave" time="184" />
  <testcase classname="OpenAPIParserBatchTest" name="setupTestData" time="17" />
  <testcase classname="OpenAPIParserBatchTest" name="testBatchExecution" time="273" />
  <testcase classname="OpenAPIParserBatchTest" name="testBatchExecutionWithDefaultBatchSize" time="245" />
  <testcase classname="OpenAPIParserBatchTest" name="testBatchExecutionWithLargeBatchSize" time="233" />
  <testcase classname="OpenAPIParserBatchTest" name="testBatchExecutionWithNamespace" time="126" />
  <testcase classname="OpenAPIParserBatchTest" name="testBatchExecutionWithSmallBatchSize" time="38" />
  <testcase classname="OpenAPIParserBatchTest" name="testConstructorWithNamespace" time="7" />
  <testcase classname="OpenAPIParserBatchTest" name="testConstructorWithoutNamespace" time="8" />
  <testcase classname="OpenAPIParserBatchTest" name="testExecuteMethod" time="21" />
  <testcase classname="OpenAPIParserBatchTest" name="testExecuteMethodWithEmptyList" time="8" />
  <testcase classname="OpenAPIParserBatchTest" name="testExecuteMethodWithNonOpenAPIClasses" time="21" />
  <testcase classname="OpenAPIParserBatchTest" name="testFinishMethod" time="48" />
  <testcase classname="OpenAPIParserBatchTest" name="testStartMethod" time="37" />
  <testcase classname="OpenAPIParserBatchTest" name="testStartMethodWithNamespace" time="15" />
  <testcase classname="OpenAPIParserModularBatchTest" name="setupTestData" time="20" />
  <testcase classname="OpenAPIParserModularBatchTest" name="testBatchExecution" time="200" />
  <testcase classname="OpenAPIParserModularBatchTest" name="testBatchExecutionWithAccountTag" time="176" />
  <testcase classname="OpenAPIParserModularBatchTest" name="testBatchExecutionWithContactTag" time="175" />
  <testcase classname="OpenAPIParserModularBatchTest" name="testBatchExecutionWithLongResourceName" time="189" />
  <testcase classname="OpenAPIParserModularBatchTest" name="testBatchExecutionWithSpecialCharacters" time="179" />
  <testcase classname="OpenAPIParserModularBatchTest" name="testConstructor" time="6" />
  <testcase classname="OpenAPIParserModularBatchTest" name="testExecuteMethod" time="20" />
  <testcase classname="OpenAPIParserModularBatchTest" name="testExecuteMethodWithEmptyList" time="7" />
  <testcase classname="OpenAPIParserModularBatchTest" name="testExecuteMethodWithNoMatchingTag" time="17" />
  <testcase classname="OpenAPIParserModularBatchTest" name="testExecuteMethodWithNoOpenAPIClasses" time="17" />
  <testcase classname="OpenAPIParserModularBatchTest" name="testFinishMethod" time="34" />
  <testcase classname="OpenAPIParserModularBatchTest" name="testStartMethod" time="39" />
  <testcase classname="OpenAPIParserModularTest" name="setupTestData" time="14" />
  <testcase classname="OpenAPIParserModularTest" name="testGenerateModularSpecifications" time="230" />
  <testcase classname="OpenAPIParserModularTest" name="testGenerateModularSpecificationsMultipleTimes" time="388" />
  <testcase classname="OpenAPIParserModularTest" name="testGenerateModularSpecificationsWithExistingData" time="202" />
  <testcase classname="OpenAPIParserTest" name="setupTestData" time="20" />
  <testcase classname="OpenAPIParserTest" name="testConstructApiPath" time="15" />
  <testcase classname="OpenAPIParserTest" name="testConstructApiPathDelete" time="8" />
  <testcase classname="OpenAPIParserTest" name="testConstructApiPathPost" time="8" />
  <testcase classname="OpenAPIParserTest" name="testConstructApiPathPut" time="9" />
  <testcase classname="OpenAPIParserTest" name="testExtractClassSchema" time="122" />
  <testcase classname="OpenAPIParserTest" name="testExtractDescription" time="12" />
  <testcase classname="OpenAPIParserTest" name="testExtractNestedClassSchema" time="23" />
  <testcase classname="OpenAPIParserTest" name="testExtractOperationId" time="9" />
  <testcase classname="OpenAPIParserTest" name="testExtractOperationIdNotFound" time="7" />
  <testcase classname="OpenAPIParserTest" name="testExtractParameters" time="9" />
  <testcase classname="OpenAPIParserTest" name="testExtractPropertiesFromClassBody" time="8" />
  <testcase classname="OpenAPIParserTest" name="testExtractRequestBody" time="20" />
  <testcase classname="OpenAPIParserTest" name="testExtractResponses" time="19" />
  <testcase classname="OpenAPIParserTest" name="testExtractRestResourceUrlMapping" time="9" />
  <testcase classname="OpenAPIParserTest" name="testExtractRestResourceUrlMappingNotFound" time="75" />
  <testcase classname="OpenAPIParserTest" name="testExtractRestResourceUrlMappingWithTrailingSlash" time="9" />
  <testcase classname="OpenAPIParserTest" name="testExtractSObjectProperties" time="17" />
  <testcase classname="OpenAPIParserTest" name="testExtractSecurity" time="10" />
  <testcase classname="OpenAPIParserTest" name="testExtractSummary" time="8" />
  <testcase classname="OpenAPIParserTest" name="testExtractTags" time="8" />
  <testcase classname="OpenAPIParserTest" name="testGetOpenAPIType" time="8" />
  <testcase classname="OpenAPIParserTest" name="testGetSchemaRegistry" time="26" />
  <testcase classname="OpenAPIParserTest" name="testParseClassesWithNamespace" time="170" />
  <testcase classname="OpenAPIParserTest" name="testParseClassesWithoutNamespace" time="263" />
  <testcase classname="OpenAPIParserTest" name="testParseJsonLikeStructure" time="10" />
  <testcase classname="OpenAPIParserTest" name="testParseJsonLikeStructureWithBraces" time="10" />
  <testcase classname="OpenAPIParserTest" name="testParseMethod" time="20" />
  <testcase classname="OpenAPIParserTest" name="testRegisterSchemaAndGetReference" time="9" />
  <testcase classname="OpenAPIParserTest" name="testRegisterSchemaAndGetReferenceWithBlankName" time="8" />
  <testcase classname="OpenAPIParserTest" name="testResetSchemaRegistry" time="8" />
  <testcase classname="OpenAPIParserTest" name="testStoreAsStaticResource" time="49" />
  <testcase classname="OpenAPIStorageQueueableTest" name="setupTestData" time="10" />
  <testcase classname="OpenAPIStorageQueueableTest" name="testConstructor" time="8" />
  <testcase classname="OpenAPIStorageQueueableTest" name="testExecute" time="7" />
  <testcase classname="OpenAPIStorageQueueableTest" name="testExecuteWithArrays" time="6" />
  <testcase classname="OpenAPIStorageQueueableTest" name="testExecuteWithBooleanValues" time="6" />
  <testcase classname="OpenAPIStorageQueueableTest" name="testExecuteWithComplexSpec" time="6" />
  <testcase classname="OpenAPIStorageQueueableTest" name="testExecuteWithEmptySpec" time="6" />
  <testcase classname="OpenAPIStorageQueueableTest" name="testExecuteWithLargeSpec" time="20" />
  <testcase classname="OpenAPIStorageQueueableTest" name="testExecuteWithLongResourceName" time="5" />
  <testcase classname="OpenAPIStorageQueueableTest" name="testExecuteWithNestedObjects" time="6" />
  <testcase classname="OpenAPIStorageQueueableTest" name="testExecuteWithNullSpec" time="5" />
  <testcase classname="OpenAPIStorageQueueableTest" name="testExecuteWithNumericValues" time="9" />
  <testcase classname="OpenAPIStorageQueueableTest" name="testExecuteWithSpecialCharactersInResourceName" time="7" />
  <testcase classname="SiteLoginControllerTest" name="testSiteLoginController" time="34" />
  <testcase classname="SiteRegisterControllerTest" name="testRegistration" time="29" />
</testsuite>